<html>
<body>
<pre>
<h1>µVision Build Log</h1>
<h2>Tool Versions:</h2>
IDE-Version: ¦ÌVision V5.37.0.0
Copyright (C) 2022 ARM Ltd and ARM Germany GmbH. All rights reserved.
License Information: Chan cl6802063414@outlook.com, QUST, LIC=0YKNJ-DAD32-HB6EC-K4S9M-LP21Y-W4ZVP
 
Tool Versions:
Toolchain:       MDK-ARM Community  Version: 5.37.0.0
Toolchain Path:  D:\Keil_v5\ARM\AC506u7\Bin
C Compiler:      Armcc.exe V5.06 update 7 (build 960)
Assembler:       Armasm.exe V5.06 update 7 (build 960)
Linker/Locator:  ArmLink.exe V5.06 update 7 (build 960)
Library Manager: ArmAr.exe V5.06 update 7 (build 960)
Hex Converter:   FromElf.exe V5.06 update 7 (build 960)
CPU DLL:         SARMCM3.DLL V5.37.0.0
Dialog DLL:      DCM.DLL V1.17.5.0
Target DLL:      STLink\ST-LINKIII-KEIL_SWO.dll V3.0.9.0
Dialog DLL:      TCM.DLL V1.56.1.0
 
<h2>Project:</h2>
C:\Users\cl680\Desktop\detecter1\detecter1\MDK-ARM\detecter1.uvprojx
Project File Date:  12/02/2023

<h2>Output:</h2>
*** Using Compiler 'V5.06 update 7 (build 960)', folder: 'D:\Keil_v5\ARM\AC506u7\Bin'
Rebuild target 'detecter1'
assembling startup_stm32l475xx.s...
compiling stm32l4xx_hal.c...
compiling adc.c...
compiling quadspi.c...
compiling i2c.c...
compiling stm32l4xx_hal_msp.c...
compiling main.c...
compiling tim.c...
compiling stm32l4xx_hal_flash_ex.c...
compiling usart.c...
compiling stm32l4xx_hal_adc_ex.c...
compiling stm32l4xx_hal_adc.c...
compiling stm32l4xx_it.c...
compiling stm32l4xx_hal_rcc_ex.c...
compiling stm32l4xx_hal_rcc.c...
compiling gpio.c...
compiling stm32l4xx_hal_flash.c...
compiling stm32l4xx_hal_pwr.c...
compiling stm32l4xx_hal_dma_ex.c...
compiling stm32l4xx_hal_flash_ramfunc.c...
compiling stm32l4xx_hal_dma.c...
compiling stm32l4xx_hal_i2c_ex.c...
compiling stm32l4xx_hal_gpio.c...
compiling stm32l4xx_hal_exti.c...
compiling stm32l4xx_hal_cortex.c...
compiling stm32l4xx_hal_i2c.c...
compiling stm32l4xx_hal_uart_ex.c...
compiling system_stm32l4xx.c...
compiling stm32l4xx_hal_qspi.c...
compiling stm32l4xx_hal_pwr_ex.c...
compiling stm32l4xx_hal_tim_ex.c...
compiling stm32l4xx_hal_uart.c...
compiling stm32l4xx_hal_tim.c...
linking...
Program Size: Code=17244 RO-data=496 RW-data=48 ZI-data=2488  
FromELF: creating hex file...
"detecter1\detecter1.axf" - 0 Error(s), 0 Warning(s).

<h2>Software Packages used:</h2>

Package Vendor: ARM
                http://www.keil.com/pack/ARM.CMSIS.5.9.0.pack
                ARM.CMSIS.5.9.0
                CMSIS (Common Microcontroller Software Interface Standard)
   * Component: CORE Version: 5.6.0

Package Vendor: Keil
                https://www.keil.com/pack/Keil.STM32L4xx_DFP.2.6.2.pack
                Keil.STM32L4xx_DFP.2.6.2
                STMicroelectronics STM32L4 Series Device Support, Drivers and Examples

<h2>Collection of Component include folders:</h2>
  ./RTE/_detecter1
  D:/Keil_v5/Keil_v5 Packs/ARM/CMSIS/5.9.0/CMSIS/Core/Include
  D:/Keil_v5/Keil_v5 Packs/Keil/STM32L4xx_DFP/2.6.2/Drivers/CMSIS/Device/ST/STM32L4xx/Include

<h2>Collection of Component Files used:</h2>

   * Component: ARM::CMSIS:CORE:5.6.0
      Include file:  CMSIS/Core/Include/tz_context.h
Build Time Elapsed:  00:00:29
</pre>
</body>
</html>
